Partition Merge report for risccpu
Tue Oct 17 19:20:39 2023
Quartus Prime Version 22.1std.2 Build 922 07/20/2023 SC Lite Edition


---------------------
; Table of Contents ;
---------------------
  1. Legal Notice
  2. Partition Merge Summary
  3. Partition Merge Netlist Types Used
  4. Connections to In-System Debugging Instance "auto_signaltap_0"
  5. Partition Merge Partition Statistics
  6. Partition Merge Partition Pin Processing
  7. Partition Merge Resource Usage Summary
  8. Partition Merge RAM Summary
  9. Partition Merge DSP Block Usage Summary
 10. Partition Merge Messages



----------------
; Legal Notice ;
----------------
Copyright (C) 2023  Intel Corporation. All rights reserved.
Your use of Intel Corporation's design tools, logic functions 
and other software and tools, and any partner logic 
functions, and any output files from any of the foregoing 
(including device programming or simulation files), and any 
associated documentation or information are expressly subject 
to the terms and conditions of the Intel Program License 
Subscription Agreement, the Intel Quartus Prime License Agreement,
the Intel FPGA IP License Agreement, or other applicable license
agreement, including, without limitation, that your use is for
the sole purpose of programming logic devices manufactured by
Intel and sold by Intel or its authorized distributors.  Please
refer to the applicable agreement for further details, at
https://fpgasoftware.intel.com/eula.



+-------------------------------------------------------------------------------------+
; Partition Merge Summary                                                             ;
+------------------------------------+------------------------------------------------+
; Partition Merge Status             ; Successful - Tue Oct 17 19:20:39 2023          ;
; Quartus Prime Version              ; 22.1std.2 Build 922 07/20/2023 SC Lite Edition ;
; Revision Name                      ; risccpu                                        ;
; Top-level Entity Name              ; risccpu                                        ;
; Family                             ; Cyclone IV E                                   ;
; Total logic elements               ; 2,858                                          ;
;     Total combinational functions  ; 1,974                                          ;
;     Dedicated logic registers      ; 1,272                                          ;
; Total registers                    ; 1272                                           ;
; Total pins                         ; 16                                             ;
; Total virtual pins                 ; 0                                              ;
; Total memory bits                  ; 2,048                                          ;
; Embedded Multiplier 9-bit elements ; 2                                              ;
; Total PLLs                         ; 0                                              ;
+------------------------------------+------------------------------------------------+


+-------------------------------------------------------------------------------------------------------------------------------+
; Partition Merge Netlist Types Used                                                                                            ;
+--------------------------------+----------------+-------------------+------------------------+--------------------------------+
; Partition Name                 ; Partition Type ; Netlist Type Used ; Netlist Type Requested ; Partition Contents             ;
+--------------------------------+----------------+-------------------+------------------------+--------------------------------+
; Top                            ; User-created   ; Source File       ; Source File            ;                                ;
; sld_hub:auto_hub               ; Auto-generated ; Post-Synthesis    ; Post-Synthesis         ; sld_hub:auto_hub               ;
; sld_signaltap:auto_signaltap_0 ; Auto-generated ; Post-Synthesis    ; Post-Synthesis         ; sld_signaltap:auto_signaltap_0 ;
; hard_block:auto_generated_inst ; Auto-generated ; Source File       ; Source File            ; hard_block:auto_generated_inst ;
+--------------------------------+----------------+-------------------+------------------------+--------------------------------+


+-----------------------------------------------------------------------------------------------------------------------------------------------------------+
; Connections to In-System Debugging Instance "auto_signaltap_0"                                                                                            ;
+---------------------------+--------------+-----------+--------------------------------+-------------------+-------------------------------------+---------+
; Name                      ; Type         ; Status    ; Partition Name                 ; Netlist Type Used ; Actual Connection                   ; Details ;
+---------------------------+--------------+-----------+--------------------------------+-------------------+-------------------------------------+---------+
; auto_signaltap_0|gnd      ; post-fitting ; connected ; sld_signaltap:auto_signaltap_0 ; post-synthesis    ; sld_signaltap:auto_signaltap_0|~GND ; N/A     ;
; auto_signaltap_0|gnd      ; post-fitting ; connected ; sld_signaltap:auto_signaltap_0 ; post-synthesis    ; sld_signaltap:auto_signaltap_0|~GND ; N/A     ;
; auto_signaltap_0|gnd      ; post-fitting ; connected ; sld_signaltap:auto_signaltap_0 ; post-synthesis    ; sld_signaltap:auto_signaltap_0|~GND ; N/A     ;
; auto_signaltap_0|gnd      ; post-fitting ; connected ; sld_signaltap:auto_signaltap_0 ; post-synthesis    ; sld_signaltap:auto_signaltap_0|~GND ; N/A     ;
; auto_signaltap_0|gnd      ; post-fitting ; connected ; sld_signaltap:auto_signaltap_0 ; post-synthesis    ; sld_signaltap:auto_signaltap_0|~GND ; N/A     ;
; auto_signaltap_0|gnd      ; post-fitting ; connected ; sld_signaltap:auto_signaltap_0 ; post-synthesis    ; sld_signaltap:auto_signaltap_0|~GND ; N/A     ;
; auto_signaltap_0|gnd      ; post-fitting ; connected ; sld_signaltap:auto_signaltap_0 ; post-synthesis    ; sld_signaltap:auto_signaltap_0|~GND ; N/A     ;
; auto_signaltap_0|gnd      ; post-fitting ; connected ; sld_signaltap:auto_signaltap_0 ; post-synthesis    ; sld_signaltap:auto_signaltap_0|~GND ; N/A     ;
; auto_signaltap_0|gnd      ; post-fitting ; connected ; sld_signaltap:auto_signaltap_0 ; post-synthesis    ; sld_signaltap:auto_signaltap_0|~GND ; N/A     ;
; auto_signaltap_0|gnd      ; post-fitting ; connected ; sld_signaltap:auto_signaltap_0 ; post-synthesis    ; sld_signaltap:auto_signaltap_0|~GND ; N/A     ;
; auto_signaltap_0|gnd      ; post-fitting ; connected ; sld_signaltap:auto_signaltap_0 ; post-synthesis    ; sld_signaltap:auto_signaltap_0|~GND ; N/A     ;
; auto_signaltap_0|gnd      ; post-fitting ; connected ; sld_signaltap:auto_signaltap_0 ; post-synthesis    ; sld_signaltap:auto_signaltap_0|~GND ; N/A     ;
; auto_signaltap_0|gnd      ; post-fitting ; connected ; sld_signaltap:auto_signaltap_0 ; post-synthesis    ; sld_signaltap:auto_signaltap_0|~GND ; N/A     ;
; auto_signaltap_0|gnd      ; post-fitting ; connected ; sld_signaltap:auto_signaltap_0 ; post-synthesis    ; sld_signaltap:auto_signaltap_0|~GND ; N/A     ;
; auto_signaltap_0|gnd      ; post-fitting ; connected ; sld_signaltap:auto_signaltap_0 ; post-synthesis    ; sld_signaltap:auto_signaltap_0|~GND ; N/A     ;
; auto_signaltap_0|gnd      ; post-fitting ; connected ; sld_signaltap:auto_signaltap_0 ; post-synthesis    ; sld_signaltap:auto_signaltap_0|~GND ; N/A     ;
; auto_signaltap_0|gnd      ; post-fitting ; connected ; sld_signaltap:auto_signaltap_0 ; post-synthesis    ; sld_signaltap:auto_signaltap_0|~GND ; N/A     ;
; auto_signaltap_0|vcc      ; post-fitting ; connected ; sld_signaltap:auto_signaltap_0 ; post-synthesis    ; sld_signaltap:auto_signaltap_0|~VCC ; N/A     ;
; auto_signaltap_0|vcc      ; post-fitting ; connected ; sld_signaltap:auto_signaltap_0 ; post-synthesis    ; sld_signaltap:auto_signaltap_0|~VCC ; N/A     ;
; auto_signaltap_0|vcc      ; post-fitting ; connected ; sld_signaltap:auto_signaltap_0 ; post-synthesis    ; sld_signaltap:auto_signaltap_0|~VCC ; N/A     ;
; auto_signaltap_0|vcc      ; post-fitting ; connected ; sld_signaltap:auto_signaltap_0 ; post-synthesis    ; sld_signaltap:auto_signaltap_0|~VCC ; N/A     ;
; auto_signaltap_0|vcc      ; post-fitting ; connected ; sld_signaltap:auto_signaltap_0 ; post-synthesis    ; sld_signaltap:auto_signaltap_0|~VCC ; N/A     ;
; auto_signaltap_0|vcc      ; post-fitting ; connected ; sld_signaltap:auto_signaltap_0 ; post-synthesis    ; sld_signaltap:auto_signaltap_0|~VCC ; N/A     ;
; auto_signaltap_0|vcc      ; post-fitting ; connected ; sld_signaltap:auto_signaltap_0 ; post-synthesis    ; sld_signaltap:auto_signaltap_0|~VCC ; N/A     ;
; auto_signaltap_0|vcc      ; post-fitting ; connected ; sld_signaltap:auto_signaltap_0 ; post-synthesis    ; sld_signaltap:auto_signaltap_0|~VCC ; N/A     ;
; auto_signaltap_0|vcc      ; post-fitting ; connected ; sld_signaltap:auto_signaltap_0 ; post-synthesis    ; sld_signaltap:auto_signaltap_0|~VCC ; N/A     ;
; auto_signaltap_0|vcc      ; post-fitting ; connected ; sld_signaltap:auto_signaltap_0 ; post-synthesis    ; sld_signaltap:auto_signaltap_0|~VCC ; N/A     ;
; auto_signaltap_0|vcc      ; post-fitting ; connected ; sld_signaltap:auto_signaltap_0 ; post-synthesis    ; sld_signaltap:auto_signaltap_0|~VCC ; N/A     ;
; auto_signaltap_0|vcc      ; post-fitting ; connected ; sld_signaltap:auto_signaltap_0 ; post-synthesis    ; sld_signaltap:auto_signaltap_0|~VCC ; N/A     ;
; auto_signaltap_0|vcc      ; post-fitting ; connected ; sld_signaltap:auto_signaltap_0 ; post-synthesis    ; sld_signaltap:auto_signaltap_0|~VCC ; N/A     ;
; auto_signaltap_0|vcc      ; post-fitting ; connected ; sld_signaltap:auto_signaltap_0 ; post-synthesis    ; sld_signaltap:auto_signaltap_0|~VCC ; N/A     ;
; auto_signaltap_0|vcc      ; post-fitting ; connected ; sld_signaltap:auto_signaltap_0 ; post-synthesis    ; sld_signaltap:auto_signaltap_0|~VCC ; N/A     ;
; regs[1][0]                ; post-fitting ; connected ; Top                            ; post-synthesis    ; regs[1][0]                          ; N/A     ;
; regs[1][0]                ; post-fitting ; connected ; Top                            ; post-synthesis    ; regs[1][0]                          ; N/A     ;
; regs[1][10]               ; post-fitting ; connected ; Top                            ; post-synthesis    ; regs[1][10]                         ; N/A     ;
; regs[1][10]               ; post-fitting ; connected ; Top                            ; post-synthesis    ; regs[1][10]                         ; N/A     ;
; regs[1][11]               ; post-fitting ; connected ; Top                            ; post-synthesis    ; regs[1][11]                         ; N/A     ;
; regs[1][11]               ; post-fitting ; connected ; Top                            ; post-synthesis    ; regs[1][11]                         ; N/A     ;
; regs[1][12]               ; post-fitting ; connected ; Top                            ; post-synthesis    ; regs[1][12]                         ; N/A     ;
; regs[1][12]               ; post-fitting ; connected ; Top                            ; post-synthesis    ; regs[1][12]                         ; N/A     ;
; regs[1][13]               ; post-fitting ; connected ; Top                            ; post-synthesis    ; regs[1][13]                         ; N/A     ;
; regs[1][13]               ; post-fitting ; connected ; Top                            ; post-synthesis    ; regs[1][13]                         ; N/A     ;
; regs[1][14]               ; post-fitting ; connected ; Top                            ; post-synthesis    ; regs[1][14]                         ; N/A     ;
; regs[1][14]               ; post-fitting ; connected ; Top                            ; post-synthesis    ; regs[1][14]                         ; N/A     ;
; regs[1][15]               ; post-fitting ; connected ; Top                            ; post-synthesis    ; regs[1][15]                         ; N/A     ;
; regs[1][15]               ; post-fitting ; connected ; Top                            ; post-synthesis    ; regs[1][15]                         ; N/A     ;
; regs[1][1]                ; post-fitting ; connected ; Top                            ; post-synthesis    ; regs[1][1]                          ; N/A     ;
; regs[1][1]                ; post-fitting ; connected ; Top                            ; post-synthesis    ; regs[1][1]                          ; N/A     ;
; regs[1][2]                ; post-fitting ; connected ; Top                            ; post-synthesis    ; regs[1][2]                          ; N/A     ;
; regs[1][2]                ; post-fitting ; connected ; Top                            ; post-synthesis    ; regs[1][2]                          ; N/A     ;
; regs[1][3]                ; post-fitting ; connected ; Top                            ; post-synthesis    ; regs[1][3]                          ; N/A     ;
; regs[1][3]                ; post-fitting ; connected ; Top                            ; post-synthesis    ; regs[1][3]                          ; N/A     ;
; regs[1][4]                ; post-fitting ; connected ; Top                            ; post-synthesis    ; regs[1][4]                          ; N/A     ;
; regs[1][4]                ; post-fitting ; connected ; Top                            ; post-synthesis    ; regs[1][4]                          ; N/A     ;
; regs[1][5]                ; post-fitting ; connected ; Top                            ; post-synthesis    ; regs[1][5]                          ; N/A     ;
; regs[1][5]                ; post-fitting ; connected ; Top                            ; post-synthesis    ; regs[1][5]                          ; N/A     ;
; regs[1][6]                ; post-fitting ; connected ; Top                            ; post-synthesis    ; regs[1][6]                          ; N/A     ;
; regs[1][6]                ; post-fitting ; connected ; Top                            ; post-synthesis    ; regs[1][6]                          ; N/A     ;
; regs[1][7]                ; post-fitting ; connected ; Top                            ; post-synthesis    ; regs[1][7]                          ; N/A     ;
; regs[1][7]                ; post-fitting ; connected ; Top                            ; post-synthesis    ; regs[1][7]                          ; N/A     ;
; regs[1][8]                ; post-fitting ; connected ; Top                            ; post-synthesis    ; regs[1][8]                          ; N/A     ;
; regs[1][8]                ; post-fitting ; connected ; Top                            ; post-synthesis    ; regs[1][8]                          ; N/A     ;
; regs[1][9]                ; post-fitting ; connected ; Top                            ; post-synthesis    ; regs[1][9]                          ; N/A     ;
; regs[1][9]                ; post-fitting ; connected ; Top                            ; post-synthesis    ; regs[1][9]                          ; N/A     ;
; auto_stp_external_clock_0 ; dynamic pin  ; connected ; Top                            ; post-synthesis    ; auto_stp_external_clock_0           ; N/A     ;
+---------------------------+--------------+-----------+--------------------------------+-------------------+-------------------------------------+---------+


+-----------------------------------------------------------------------------------------------------------------------------------------+
; Partition Merge Partition Statistics                                                                                                    ;
+---------------------------------------------+------+------------------+--------------------------------+--------------------------------+
; Statistic                                   ; Top  ; sld_hub:auto_hub ; sld_signaltap:auto_signaltap_0 ; hard_block:auto_generated_inst ;
+---------------------------------------------+------+------------------+--------------------------------+--------------------------------+
; Estimated Total logic elements              ; 2116 ; 152              ; 590                            ; 0                              ;
;                                             ;      ;                  ;                                ;                                ;
; Total combinational functions               ; 1507 ; 126              ; 341                            ; 0                              ;
; Logic element usage by number of LUT inputs ;      ;                  ;                                ;                                ;
;     -- 4 input functions                    ; 1145 ; 52               ; 150                            ; 0                              ;
;     -- 3 input functions                    ; 240  ; 38               ; 98                             ; 0                              ;
;     -- <=2 input functions                  ; 122  ; 36               ; 93                             ; 0                              ;
;                                             ;      ;                  ;                                ;                                ;
; Logic elements by mode                      ;      ;                  ;                                ;                                ;
;     -- normal mode                          ; 1402 ; 118              ; 277                            ; 0                              ;
;     -- arithmetic mode                      ; 105  ; 8                ; 64                             ; 0                              ;
;                                             ;      ;                  ;                                ;                                ;
; Total registers                             ; 719  ; 90               ; 463                            ; 0                              ;
;     -- Dedicated logic registers            ; 719  ; 90               ; 463                            ; 0                              ;
;     -- I/O registers                        ; 0    ; 0                ; 0                              ; 0                              ;
;                                             ;      ;                  ;                                ;                                ;
; Virtual pins                                ; 0    ; 0                ; 0                              ; 0                              ;
; I/O pins                                    ; 16   ; 0                ; 0                              ; 0                              ;
; Embedded Multiplier 9-bit elements          ; 2    ; 0                ; 0                              ; 0                              ;
; Total memory bits                           ; 0    ; 0                ; 2048                           ; 0                              ;
; Total RAM block bits                        ; 0    ; 0                ; 0                              ; 0                              ;
; JTAG                                        ; 1    ; 0                ; 0                              ; 0                              ;
;                                             ;      ;                  ;                                ;                                ;
; Connections                                 ;      ;                  ;                                ;                                ;
;     -- Input Connections                    ; 1    ; 133              ; 717                            ; 0                              ;
;     -- Registered Input Connections         ; 0    ; 101              ; 519                            ; 0                              ;
;     -- Output Connections                   ; 654  ; 163              ; 34                             ; 0                              ;
;     -- Registered Output Connections        ; 32   ; 163              ; 0                              ; 0                              ;
;                                             ;      ;                  ;                                ;                                ;
; Internal Connections                        ;      ;                  ;                                ;                                ;
;     -- Total Connections                    ; 8504 ; 845              ; 2857                           ; 0                              ;
;     -- Registered Connections               ; 2319 ; 618              ; 1737                           ; 0                              ;
;                                             ;      ;                  ;                                ;                                ;
; External Connections                        ;      ;                  ;                                ;                                ;
;     -- Top                                  ; 0    ; 122              ; 533                            ; 0                              ;
;     -- sld_hub:auto_hub                     ; 122  ; 20               ; 154                            ; 0                              ;
;     -- sld_signaltap:auto_signaltap_0       ; 533  ; 154              ; 64                             ; 0                              ;
;     -- hard_block:auto_generated_inst       ; 0    ; 0                ; 0                              ; 0                              ;
;                                             ;      ;                  ;                                ;                                ;
; Partition Interface                         ;      ;                  ;                                ;                                ;
;     -- Input Ports                          ; 11   ; 45               ; 117                            ; 0                              ;
;     -- Output Ports                         ; 9    ; 62               ; 47                             ; 0                              ;
;     -- Bidir Ports                          ; 0    ; 0                ; 0                              ; 0                              ;
;                                             ;      ;                  ;                                ;                                ;
; Registered Ports                            ;      ;                  ;                                ;                                ;
;     -- Registered Input Ports               ; 0    ; 4                ; 38                             ; 0                              ;
;     -- Registered Output Ports              ; 0    ; 29               ; 33                             ; 0                              ;
;                                             ;      ;                  ;                                ;                                ;
; Port Connectivity                           ;      ;                  ;                                ;                                ;
;     -- Input Ports driven by GND            ; 0    ; 0                ; 17                             ; 0                              ;
;     -- Output Ports driven by GND           ; 0    ; 28               ; 2                              ; 0                              ;
;     -- Input Ports driven by VCC            ; 0    ; 0                ; 15                             ; 0                              ;
;     -- Output Ports driven by VCC           ; 0    ; 0                ; 1                              ; 0                              ;
;     -- Input Ports with no Source           ; 0    ; 25               ; 20                             ; 0                              ;
;     -- Output Ports with no Source          ; 0    ; 0                ; 0                              ; 0                              ;
;     -- Input Ports with no Fanout           ; 0    ; 30               ; 34                             ; 0                              ;
;     -- Output Ports with no Fanout          ; 0    ; 29               ; 35                             ; 0                              ;
+---------------------------------------------+------+------------------+--------------------------------+--------------------------------+
Note: Resource usage numbers presented for Partitions containing post-synthesis logic are estimates.  For Partitions containing post-fit logic, resource usage numbers are accurate based on previous placement information.  Actual Fitter results may vary depending on current Fitter Preservation Level assignments.


+-------------------------------------------------------------------------------------------------------------------------+
; Partition Merge Partition Pin Processing                                                                                ;
+-----------------------------------------------+--------------------------------+---------------+----------+-------------+
; Name                                          ; Partition                      ; Type          ; Location ; Status      ;
+-----------------------------------------------+--------------------------------+---------------+----------+-------------+
; PSWITCH                                       ; Top                            ; Input Port    ; n/a      ;             ;
;     -- PSWITCH                                ; Top                            ; Input Pad     ; Unplaced ; Synthesized ;
;     -- PSWITCH~input                          ; Top                            ; Input Buffer  ; Unplaced ; Synthesized ;
;                                               ;                                ;               ;          ;             ;
; SWITCHES[0]                                   ; Top                            ; Input Port    ; n/a      ;             ;
;     -- SWITCHES[0]                            ; Top                            ; Input Pad     ; Unplaced ; Synthesized ;
;     -- SWITCHES[0]~input                      ; Top                            ; Input Buffer  ; Unplaced ; Synthesized ;
;                                               ;                                ;               ;          ;             ;
; SWITCHES[1]                                   ; Top                            ; Input Port    ; n/a      ;             ;
;     -- SWITCHES[1]                            ; Top                            ; Input Pad     ; Unplaced ; Synthesized ;
;     -- SWITCHES[1]~input                      ; Top                            ; Input Buffer  ; Unplaced ; Synthesized ;
;                                               ;                                ;               ;          ;             ;
; SWITCHES[2]                                   ; Top                            ; Input Port    ; n/a      ;             ;
;     -- SWITCHES[2]                            ; Top                            ; Input Pad     ; Unplaced ; Synthesized ;
;     -- SWITCHES[2]~input                      ; Top                            ; Input Buffer  ; Unplaced ; Synthesized ;
;                                               ;                                ;               ;          ;             ;
; SWITCHES[3]                                   ; Top                            ; Input Port    ; n/a      ;             ;
;     -- SWITCHES[3]                            ; Top                            ; Input Pad     ; Unplaced ; Synthesized ;
;     -- SWITCHES[3]~input                      ; Top                            ; Input Buffer  ; Unplaced ; Synthesized ;
;                                               ;                                ;               ;          ;             ;
; altera_reserved_tck                           ; Top                            ; Input Port    ; n/a      ;             ;
;     -- altera_reserved_tck                    ; Top                            ; Input Pad     ; Unplaced ; Synthesized ;
;     -- altera_reserved_tck~input              ; Top                            ; Input Buffer  ; Unplaced ; Synthesized ;
;                                               ;                                ;               ;          ;             ;
; altera_reserved_tdi                           ; Top                            ; Input Port    ; n/a      ;             ;
;     -- altera_reserved_tdi                    ; Top                            ; Input Pad     ; Unplaced ; Synthesized ;
;     -- altera_reserved_tdi~input              ; Top                            ; Input Buffer  ; Unplaced ; Synthesized ;
;                                               ;                                ;               ;          ;             ;
; altera_reserved_tdo                           ; Top                            ; Output Port   ; n/a      ;             ;
;     -- altera_reserved_tdo                    ; Top                            ; Output Pad    ; Unplaced ; Synthesized ;
;     -- altera_reserved_tdo~output             ; Top                            ; Output Buffer ; Unplaced ; Synthesized ;
;                                               ;                                ;               ;          ;             ;
; altera_reserved_tms                           ; Top                            ; Input Port    ; n/a      ;             ;
;     -- altera_reserved_tms                    ; Top                            ; Input Pad     ; Unplaced ; Synthesized ;
;     -- altera_reserved_tms~input              ; Top                            ; Input Buffer  ; Unplaced ; Synthesized ;
;                                               ;                                ;               ;          ;             ;
; auto_stp_external_clock_0                     ; Top                            ; Input Port    ; n/a      ;             ;
;     -- auto_stp_external_clock_0              ; Top                            ; Input Pad     ; Unplaced ; Synthesized ;
;     -- auto_stp_external_clock_0~input        ; Top                            ; Input Buffer  ; Unplaced ; Synthesized ;
;     -- sld_signaltap:auto_signaltap_0|acq_clk ; sld_signaltap:auto_signaltap_0 ; Input Port    ; n/a      ;             ;
;                                               ;                                ;               ;          ;             ;
; clk                                           ; Top                            ; Input Port    ; n/a      ;             ;
;     -- clk                                    ; Top                            ; Input Pad     ; Unplaced ; Synthesized ;
;     -- clk~input                              ; Top                            ; Input Buffer  ; Unplaced ; Synthesized ;
;                                               ;                                ;               ;          ;             ;
; led[0]                                        ; Top                            ; Output Port   ; n/a      ;             ;
;     -- led[0]                                 ; Top                            ; Output Pad    ; Unplaced ; Synthesized ;
;     -- led[0]~output                          ; Top                            ; Output Buffer ; Unplaced ; Synthesized ;
;                                               ;                                ;               ;          ;             ;
; led[1]                                        ; Top                            ; Output Port   ; n/a      ;             ;
;     -- led[1]                                 ; Top                            ; Output Pad    ; Unplaced ; Synthesized ;
;     -- led[1]~output                          ; Top                            ; Output Buffer ; Unplaced ; Synthesized ;
;                                               ;                                ;               ;          ;             ;
; led[2]                                        ; Top                            ; Output Port   ; n/a      ;             ;
;     -- led[2]                                 ; Top                            ; Output Pad    ; Unplaced ; Synthesized ;
;     -- led[2]~output                          ; Top                            ; Output Buffer ; Unplaced ; Synthesized ;
;                                               ;                                ;               ;          ;             ;
; led[3]                                        ; Top                            ; Output Port   ; n/a      ;             ;
;     -- led[3]                                 ; Top                            ; Output Pad    ; Unplaced ; Synthesized ;
;     -- led[3]~output                          ; Top                            ; Output Buffer ; Unplaced ; Synthesized ;
;                                               ;                                ;               ;          ;             ;
; led[4]                                        ; Top                            ; Output Port   ; n/a      ;             ;
;     -- led[4]                                 ; Top                            ; Output Pad    ; Unplaced ; Synthesized ;
;     -- led[4]~output                          ; Top                            ; Output Buffer ; Unplaced ; Synthesized ;
;                                               ;                                ;               ;          ;             ;
; led[5]                                        ; Top                            ; Output Port   ; n/a      ;             ;
;     -- led[5]                                 ; Top                            ; Output Pad    ; Unplaced ; Synthesized ;
;     -- led[5]~output                          ; Top                            ; Output Buffer ; Unplaced ; Synthesized ;
;                                               ;                                ;               ;          ;             ;
; led[6]                                        ; Top                            ; Output Port   ; n/a      ;             ;
;     -- led[6]                                 ; Top                            ; Output Pad    ; Unplaced ; Synthesized ;
;     -- led[6]~output                          ; Top                            ; Output Buffer ; Unplaced ; Synthesized ;
;                                               ;                                ;               ;          ;             ;
; led[7]                                        ; Top                            ; Output Port   ; n/a      ;             ;
;     -- led[7]                                 ; Top                            ; Output Pad    ; Unplaced ; Synthesized ;
;     -- led[7]~output                          ; Top                            ; Output Buffer ; Unplaced ; Synthesized ;
;                                               ;                                ;               ;          ;             ;
; sync_rst                                      ; Top                            ; Input Port    ; n/a      ;             ;
;     -- sync_rst                               ; Top                            ; Input Pad     ; Unplaced ; Synthesized ;
;     -- sync_rst~input                         ; Top                            ; Input Buffer  ; Unplaced ; Synthesized ;
;                                               ;                                ;               ;          ;             ;
+-----------------------------------------------+--------------------------------+---------------+----------+-------------+


+------------------------------------------------------+
; Partition Merge Resource Usage Summary               ;
+---------------------------------------------+--------+
; Resource                                    ; Usage  ;
+---------------------------------------------+--------+
; Estimated Total logic elements              ; 2,858  ;
;                                             ;        ;
; Total combinational functions               ; 1974   ;
; Logic element usage by number of LUT inputs ;        ;
;     -- 4 input functions                    ; 1347   ;
;     -- 3 input functions                    ; 376    ;
;     -- <=2 input functions                  ; 251    ;
;                                             ;        ;
; Logic elements by mode                      ;        ;
;     -- normal mode                          ; 1797   ;
;     -- arithmetic mode                      ; 177    ;
;                                             ;        ;
; Total registers                             ; 1272   ;
;     -- Dedicated logic registers            ; 1272   ;
;     -- I/O registers                        ; 0      ;
;                                             ;        ;
; I/O pins                                    ; 16     ;
; Total memory bits                           ; 2048   ;
;                                             ;        ;
; Embedded Multiplier 9-bit elements          ; 2      ;
;                                             ;        ;
; Maximum fan-out node                        ; ps_clk ;
; Maximum fan-out                             ; 719    ;
; Total fan-out                               ; 11327  ;
; Average fan-out                             ; 3.43   ;
+---------------------------------------------+--------+


+-----------------------------------------------------------------------------------------------------------------------------------------------------------------------------------------------------------------------------------------------------------------------------------------------------------+
; Partition Merge RAM Summary                                                                                                                                                                                                                                                                               ;
+-------------------------------------------------------------------------------------------------------------------------------------------------------------------------------------------------------+------+------------------+--------------+--------------+--------------+--------------+------+------+
; Name                                                                                                                                                                                                  ; Type ; Mode             ; Port A Depth ; Port A Width ; Port B Depth ; Port B Width ; Size ; MIF  ;
+-------------------------------------------------------------------------------------------------------------------------------------------------------------------------------------------------------+------+------------------+--------------+--------------+--------------+--------------+------+------+
; sld_signaltap:auto_signaltap_0|sld_signaltap_impl:sld_signaltap_body|sld_signaltap_implb:sld_signaltap_body|altsyncram:\stp_non_zero_ram_gen:stp_buffer_ram|altsyncram_4524:auto_generated|ALTSYNCRAM ; AUTO ; Simple Dual Port ; 128          ; 16           ; 128          ; 16           ; 2048 ; None ;
+-------------------------------------------------------------------------------------------------------------------------------------------------------------------------------------------------------+------+------------------+--------------+--------------+--------------+--------------+------+------+


+-----------------------------------------------------+
; Partition Merge DSP Block Usage Summary             ;
+---------------------------------------+-------------+
; Statistic                             ; Number Used ;
+---------------------------------------+-------------+
; Simple Multipliers (9-bit)            ; 0           ;
; Simple Multipliers (18-bit)           ; 1           ;
; Embedded Multiplier Blocks            ; --          ;
; Embedded Multiplier 9-bit elements    ; 2           ;
; Signed Embedded Multipliers           ; 0           ;
; Unsigned Embedded Multipliers         ; 1           ;
; Mixed Sign Embedded Multipliers       ; 0           ;
; Variable Sign Embedded Multipliers    ; 0           ;
; Dedicated Input Shift Register Chains ; 0           ;
+---------------------------------------+-------------+
Note: number of Embedded Multiplier Blocks used is only available after a successful fit.


+--------------------------+
; Partition Merge Messages ;
+--------------------------+
Info: *******************************************************************
Info: Running Quartus Prime Partition Merge
    Info: Version 22.1std.2 Build 922 07/20/2023 SC Lite Edition
    Info: Processing started: Tue Oct 17 19:20:38 2023
Info: Command: quartus_cdb --read_settings_files=off --write_settings_files=off risccpu -c risccpu --merge=on
Warning (18236): Number of processors has not been specified which may cause overloading on shared machines.  Set the global assignment NUM_PARALLEL_PROCESSORS in your QSF to an appropriate value for best performance.
Info (35007): Using synthesis netlist for partition "Top"
Info (35007): Using synthesis netlist for partition "sld_hub:auto_hub"
Info (35007): Using synthesis netlist for partition "sld_signaltap:auto_signaltap_0"
Info (35024): Successfully connected in-system debug instance "auto_signaltap_0" to all 65 required data inputs, trigger inputs, acquisition clocks, and dynamic pins
Info (35002): Resolved and merged 3 partition(s)
Info (16010): Generating hard_block partition "hard_block:auto_generated_inst"
    Info (16011): Adding 0 node(s), including 0 DDIO, 0 PLL, 0 transceiver and 0 LCELL
Critical Warning (138067): Current license file does not support incremental compilation. The Quartus Prime software removes all the user-specified design partitions in the design automatically.
Info (21057): Implemented 2948 device resources after synthesis - the final resource count might be different
    Info (21058): Implemented 11 input pins
    Info (21059): Implemented 9 output pins
    Info (21061): Implemented 2909 logic cells
    Info (21064): Implemented 16 RAM segments
    Info (21062): Implemented 2 DSP elements
Info: Quartus Prime Partition Merge was successful. 0 errors, 2 warnings
    Info: Peak virtual memory: 829 megabytes
    Info: Processing ended: Tue Oct 17 19:20:39 2023
    Info: Elapsed time: 00:00:01
    Info: Total CPU time (on all processors): 00:00:01


